#TradeId,Type,CashflowNo,LegNo,PayDate,FlowType,Amount,Currency,Coupon,Accrual,AccrualStartDate,AccrualEndDate,AccruedAmount,fixingDate,fixingValue,Notional,DiscountFactor,PresentValue,FXRate(Local-Base),PresentValue(Base),BaseCurrency,FloorStrike,CapStrike,FloorVolatility,CapVolatility,EffectiveFloorVolatility,EffectiveCapVolatility
CommodityForward_Gold_1Y,CommodityForward,1,0,#N/A,Notional,-1160593.3333,USD,#N/A,#N/A,#N/A,#N/A,#N/A,#N/A,#N/A,#N/A,0.9943418517,-1154026.5240929599,1.0000000000,-1154026.5240929599,USD,#N/A,#N/A,#N/A,#N/A,#N/A,#N/A
CommodityForward_Gold_1Y,CommodityForward,1,1,#N/A,Notional,1162000.0000,USD,#N/A,#N/A,#N/A,#N/A,#N/A,#N/A,#N/A,#N/A,0.9943418517,1155425.2316309642,1.0000000000,1155425.2316309642,USD,#N/A,#N/A,#N/A,#N/A,#N/A,#N/A
CommodityForward_Gold_Apr_17,CommodityForward,1,0,#N/A,Notional,580900.0000,USD,#N/A,#N/A,#N/A,#N/A,#N/A,#N/A,#N/A,#N/A,0.9928024234,576718.9277435583,1.0000000000,576718.9277435583,USD,#N/A,#N/A,#N/A,#N/A,#N/A,#N/A
CommodityForward_Gold_Apr_17,CommodityForward,1,1,#N/A,Notional,-580900.0000,USD,#N/A,#N/A,#N/A,#N/A,#N/A,#N/A,#N/A,#N/A,0.9928024234,-576718.9277435583,1.0000000000,-576718.9277435583,USD,#N/A,#N/A,#N/A,#N/A,#N/A,#N/A
CommodityForward_WTI_2Y,CommodityForward,1,0,#N/A,Notional,44308571.4286,USD,#N/A,#N/A,#N/A,#N/A,#N/A,#N/A,#N/A,#N/A,0.9871068084,43737292.5278331637,1.0000000000,43737292.5278331637,USD,#N/A,#N/A,#N/A,#N/A,#N/A,#N/A
CommodityForward_WTI_2Y,CommodityForward,1,1,#N/A,Notional,-46000000.0000,USD,#N/A,#N/A,#N/A,#N/A,#N/A,#N/A,#N/A,#N/A,0.9871068084,-45406913.1866207123,1.0000000000,-45406913.1866207123,USD,#N/A,#N/A,#N/A,#N/A,#N/A,#N/A
CommodityForward_WTI_Oct_21,CommodityForward,1,0,#N/A,Notional,-24875000.0000,USD,#N/A,#N/A,#N/A,#N/A,#N/A,#N/A,#N/A,#N/A,0.9432249101,-23462719.6376393437,1.0000000000,-23462719.6376393437,USD,#N/A,#N/A,#N/A,#N/A,#N/A,#N/A
CommodityForward_WTI_Oct_21,CommodityForward,1,1,#N/A,Notional,24875000.0000,USD,#N/A,#N/A,#N/A,#N/A,#N/A,#N/A,#N/A,#N/A,0.9432249101,23462719.6376393437,1.0000000000,23462719.6376393437,USD,#N/A,#N/A,#N/A,#N/A,#N/A,#N/A
